Analyzing Hackmatrix...                                         

   info - The private field _sequence could be 'final' - lib\screens\games\memory_calm_game.dart:15:13 - prefer_final_fields
   info - The private field _stopwatch could be 'final' - lib\screens\games\reaction_balance_game.dart:16:13 - prefer_final_fields
   info - Use 'const' with the constructor to improve performance - lib\screens\home_screen.dart:360:31 - prefer_const_constructors
   info - Use 'const' literals as arguments to constructors of '@immutable' classes - lib\screens\home_screen.dart:362:43 - prefer_const_literals_to_create_immutables
   info - Use 'const' with the constructor to improve performance - lib\screens\home_screen.dart:368:35 - prefer_const_constructors

flutter : 5 issues found. 
(ran in 5.8s)
At line:1 char:1
+ flutter analyze --no-pub > 
errors.txt 2>&1
+ ~~~~~~~~~~~~~~~~~~~~~~~~~~~
~~~~~~~~~~~~~~~
    + CategoryInfo           
   : NotSpecified: (5 issue  
  s found. (ran in 5.8s):S   
 tring) [], RemoteExcepti    
on
    + FullyQualifiedErrorId  
   : NativeCommandError
 
